// Jest Snapshot v1, https://goo.gl/fbAQLP

exports[`<Triangles /> should match snapshot 1`] = `<canvas />`;
