// Jest Snapshot v1, https://goo.gl/fbAQLP

exports[`<MetaTags /> should match snapshot 1`] = `null`;
